end
return
goto
if
var
not
and
id End
id iF
id end_return
id goto_var
id notAnd