id end35
id beginning_7237ssd_sfdsw43
id so_______many___________________underscores____
id _variables_can_start_with_underscores
id _______________THEY_CAN_START_WITH_MANY_UNDERSCORES
id ________34234234sdsdsadasdds
id _2313____234fdfd